// Jest Snapshot v1, https://goo.gl/fbAQLP

exports[`ReactCircle Should default render with animation 1`] = `
Object {
  "strokeDashoffset": 825,
  "transition": undefined,
}
`;

exports[`ReactCircle Should render without animation 1`] = `
Object {
  "strokeDashoffset": 825,
  "transition": undefined,
}
`;
